// Vitest Snapshot v1, https://vitest.dev/guide/snapshot.html

exports[`config migrations > migrate config v0 to latest version 1`] = `
{
  "cache": {
    "ignoreCase": true,
  },
  "history": {
    "enabled": true,
  },
  "language": "en",
  "pageTranslator": {
    "detectLanguageByContent": true,
    "enableContextMenu": false,
    "excludeSelectors": [
      "! Basic tags",
      "meta",
      "link",
      "script",
      "noscript",
      "style",
      "code",
      "pre",
      "textarea",
      "time",
      "kbd",
      "svg",
      "g",
      "ruby",
      "rt",
      "rp",
      "math",
      "d-math",
      "samp",
      "",
      "! Elements that request to disable translation",
      ".notranslate",
      "[contenteditable="true"]",
      "[translate=no]",
      "",
      "! Social sharing buttons",
      ".social-share",
      ".share-nav",
      "[data-toolbar=share]",
      ".o-share",
      "",
      "! Code elements",
      ".prism-code",
      ".enlighter-code",
      ".rc-CodeBlock",
      "[role=code]",
      "table.highlight",
      "",
      "! example: https://web.hypothes.is/blog/do-it-yourself-anchoring-and-the-evolution-of-the-hypothesis-toolkit/",
      "hypothesis-highlight",
      ".hypothesis-highlight",
      "",
      "! Icons",
      ".material-icons",
      "material-icon",
      "span[class^=material-symbols-]",
      ".google-symbols",
      "i.fa",
      "i[class^=fa-]",
      "",
      "! Other",
      "visuallyhidden",
    ],
    "lazyTranslate": true,
    "originalTextPopup": false,
    "toggleTranslationHotkey": null,
    "translatableAttributes": [
      "title",
      "alt",
      "placeholder",
      "label",
      "aria-label",
      "value",
    ],
  },
  "popup": {
    "rememberLastTab": true,
  },
  "popupTab": {
    "pageTranslator": {
      "showCounters": true,
    },
  },
  "scheduler": {
    "chunkSizeForInstantTranslate": null,
    "directTranslateLength": null,
    "isAllowDirectTranslateBadChunks": true,
    "translatePoolDelay": 300,
    "translateRetryAttemptLimit": 2,
    "useCache": true,
  },
  "selectTranslator": {
    "detectedLangFirst": true,
    "disableWhileTranslatePage": false,
    "enabled": true,
    "focusOnTranslateButton": false,
    "isUseAutoForDetectLang": true,
    "mode": "quickTranslate",
    "modifiers": [],
    "rememberDirection": false,
    "showOnceForSelection": true,
    "showOriginalText": true,
    "strictSelection": false,
    "timeoutForHideButton": 3000,
    "zIndex": 999999,
  },
  "textTranslator": {
    "rememberText": true,
    "spellCheck": true,
    "suggestLanguage": true,
    "suggestLanguageAlways": true,
  },
  "translatorModule": "MicrosoftTranslator",
  "ttsModule": "google",
}
`;

exports[`config migrations > race condition detection > Detection race conditions. Attempt #1 1`] = `
{
  "cache": {
    "ignoreCase": true,
  },
  "history": {
    "enabled": true,
  },
  "language": "en",
  "pageTranslator": {
    "detectLanguageByContent": true,
    "enableContextMenu": false,
    "excludeSelectors": [
      "! Basic tags",
      "meta",
      "link",
      "script",
      "noscript",
      "style",
      "code",
      "pre",
      "textarea",
      "time",
      "kbd",
      "svg",
      "g",
      "ruby",
      "rt",
      "rp",
      "math",
      "d-math",
      "samp",
      "",
      "! Elements that request to disable translation",
      ".notranslate",
      "[contenteditable="true"]",
      "[translate=no]",
      "",
      "! Social sharing buttons",
      ".social-share",
      ".share-nav",
      "[data-toolbar=share]",
      ".o-share",
      "",
      "! Code elements",
      ".prism-code",
      ".enlighter-code",
      ".rc-CodeBlock",
      "[role=code]",
      "table.highlight",
      "",
      "! example: https://web.hypothes.is/blog/do-it-yourself-anchoring-and-the-evolution-of-the-hypothesis-toolkit/",
      "hypothesis-highlight",
      ".hypothesis-highlight",
      "",
      "! Icons",
      ".material-icons",
      "material-icon",
      "span[class^=material-symbols-]",
      ".google-symbols",
      "i.fa",
      "i[class^=fa-]",
      "",
      "! Other",
      "visuallyhidden",
    ],
    "lazyTranslate": true,
    "originalTextPopup": false,
    "toggleTranslationHotkey": null,
    "translatableAttributes": [
      "title",
      "alt",
      "placeholder",
      "label",
      "aria-label",
      "value",
    ],
  },
  "popup": {
    "rememberLastTab": true,
  },
  "popupTab": {
    "pageTranslator": {
      "showCounters": true,
    },
  },
  "scheduler": {
    "chunkSizeForInstantTranslate": null,
    "directTranslateLength": null,
    "isAllowDirectTranslateBadChunks": true,
    "translatePoolDelay": 300,
    "translateRetryAttemptLimit": 2,
    "useCache": true,
  },
  "selectTranslator": {
    "detectedLangFirst": true,
    "disableWhileTranslatePage": false,
    "enabled": true,
    "focusOnTranslateButton": false,
    "isUseAutoForDetectLang": true,
    "mode": "quickTranslate",
    "modifiers": [],
    "rememberDirection": false,
    "showOnceForSelection": true,
    "showOriginalText": true,
    "strictSelection": false,
    "timeoutForHideButton": 3000,
    "zIndex": 999999,
  },
  "textTranslator": {
    "rememberText": true,
    "spellCheck": true,
    "suggestLanguage": true,
    "suggestLanguageAlways": true,
  },
  "translatorModule": "MicrosoftTranslator",
  "ttsModule": "google",
}
`;

exports[`config migrations > race condition detection > Detection race conditions. Attempt #2 1`] = `
{
  "cache": {
    "ignoreCase": true,
  },
  "history": {
    "enabled": true,
  },
  "language": "en",
  "pageTranslator": {
    "detectLanguageByContent": true,
    "enableContextMenu": false,
    "excludeSelectors": [
      "! Basic tags",
      "meta",
      "link",
      "script",
      "noscript",
      "style",
      "code",
      "pre",
      "textarea",
      "time",
      "kbd",
      "svg",
      "g",
      "ruby",
      "rt",
      "rp",
      "math",
      "d-math",
      "samp",
      "",
      "! Elements that request to disable translation",
      ".notranslate",
      "[contenteditable="true"]",
      "[translate=no]",
      "",
      "! Social sharing buttons",
      ".social-share",
      ".share-nav",
      "[data-toolbar=share]",
      ".o-share",
      "",
      "! Code elements",
      ".prism-code",
      ".enlighter-code",
      ".rc-CodeBlock",
      "[role=code]",
      "table.highlight",
      "",
      "! example: https://web.hypothes.is/blog/do-it-yourself-anchoring-and-the-evolution-of-the-hypothesis-toolkit/",
      "hypothesis-highlight",
      ".hypothesis-highlight",
      "",
      "! Icons",
      ".material-icons",
      "material-icon",
      "span[class^=material-symbols-]",
      ".google-symbols",
      "i.fa",
      "i[class^=fa-]",
      "",
      "! Other",
      "visuallyhidden",
    ],
    "lazyTranslate": true,
    "originalTextPopup": false,
    "toggleTranslationHotkey": null,
    "translatableAttributes": [
      "title",
      "alt",
      "placeholder",
      "label",
      "aria-label",
      "value",
    ],
  },
  "popup": {
    "rememberLastTab": true,
  },
  "popupTab": {
    "pageTranslator": {
      "showCounters": true,
    },
  },
  "scheduler": {
    "chunkSizeForInstantTranslate": null,
    "directTranslateLength": null,
    "isAllowDirectTranslateBadChunks": true,
    "translatePoolDelay": 300,
    "translateRetryAttemptLimit": 2,
    "useCache": true,
  },
  "selectTranslator": {
    "detectedLangFirst": true,
    "disableWhileTranslatePage": false,
    "enabled": true,
    "focusOnTranslateButton": false,
    "isUseAutoForDetectLang": true,
    "mode": "quickTranslate",
    "modifiers": [],
    "rememberDirection": false,
    "showOnceForSelection": true,
    "showOriginalText": true,
    "strictSelection": false,
    "timeoutForHideButton": 3000,
    "zIndex": 999999,
  },
  "textTranslator": {
    "rememberText": true,
    "spellCheck": true,
    "suggestLanguage": true,
    "suggestLanguageAlways": true,
  },
  "translatorModule": "MicrosoftTranslator",
  "ttsModule": "google",
}
`;

exports[`config migrations > race condition detection > Detection race conditions. Attempt #3 1`] = `
{
  "cache": {
    "ignoreCase": true,
  },
  "history": {
    "enabled": true,
  },
  "language": "en",
  "pageTranslator": {
    "detectLanguageByContent": true,
    "enableContextMenu": false,
    "excludeSelectors": [
      "! Basic tags",
      "meta",
      "link",
      "script",
      "noscript",
      "style",
      "code",
      "pre",
      "textarea",
      "time",
      "kbd",
      "svg",
      "g",
      "ruby",
      "rt",
      "rp",
      "math",
      "d-math",
      "samp",
      "",
      "! Elements that request to disable translation",
      ".notranslate",
      "[contenteditable="true"]",
      "[translate=no]",
      "",
      "! Social sharing buttons",
      ".social-share",
      ".share-nav",
      "[data-toolbar=share]",
      ".o-share",
      "",
      "! Code elements",
      ".prism-code",
      ".enlighter-code",
      ".rc-CodeBlock",
      "[role=code]",
      "table.highlight",
      "",
      "! example: https://web.hypothes.is/blog/do-it-yourself-anchoring-and-the-evolution-of-the-hypothesis-toolkit/",
      "hypothesis-highlight",
      ".hypothesis-highlight",
      "",
      "! Icons",
      ".material-icons",
      "material-icon",
      "span[class^=material-symbols-]",
      ".google-symbols",
      "i.fa",
      "i[class^=fa-]",
      "",
      "! Other",
      "visuallyhidden",
    ],
    "lazyTranslate": true,
    "originalTextPopup": false,
    "toggleTranslationHotkey": null,
    "translatableAttributes": [
      "title",
      "alt",
      "placeholder",
      "label",
      "aria-label",
      "value",
    ],
  },
  "popup": {
    "rememberLastTab": true,
  },
  "popupTab": {
    "pageTranslator": {
      "showCounters": true,
    },
  },
  "scheduler": {
    "chunkSizeForInstantTranslate": null,
    "directTranslateLength": null,
    "isAllowDirectTranslateBadChunks": true,
    "translatePoolDelay": 300,
    "translateRetryAttemptLimit": 2,
    "useCache": true,
  },
  "selectTranslator": {
    "detectedLangFirst": true,
    "disableWhileTranslatePage": false,
    "enabled": true,
    "focusOnTranslateButton": false,
    "isUseAutoForDetectLang": true,
    "mode": "quickTranslate",
    "modifiers": [],
    "rememberDirection": false,
    "showOnceForSelection": true,
    "showOriginalText": true,
    "strictSelection": false,
    "timeoutForHideButton": 3000,
    "zIndex": 999999,
  },
  "textTranslator": {
    "rememberText": true,
    "spellCheck": true,
    "suggestLanguage": true,
    "suggestLanguageAlways": true,
  },
  "translatorModule": "MicrosoftTranslator",
  "ttsModule": "google",
}
`;

exports[`config migrations > race condition detection > Detection race conditions. Attempt #4 1`] = `
{
  "cache": {
    "ignoreCase": true,
  },
  "history": {
    "enabled": true,
  },
  "language": "en",
  "pageTranslator": {
    "detectLanguageByContent": true,
    "enableContextMenu": false,
    "excludeSelectors": [
      "! Basic tags",
      "meta",
      "link",
      "script",
      "noscript",
      "style",
      "code",
      "pre",
      "textarea",
      "time",
      "kbd",
      "svg",
      "g",
      "ruby",
      "rt",
      "rp",
      "math",
      "d-math",
      "samp",
      "",
      "! Elements that request to disable translation",
      ".notranslate",
      "[contenteditable="true"]",
      "[translate=no]",
      "",
      "! Social sharing buttons",
      ".social-share",
      ".share-nav",
      "[data-toolbar=share]",
      ".o-share",
      "",
      "! Code elements",
      ".prism-code",
      ".enlighter-code",
      ".rc-CodeBlock",
      "[role=code]",
      "table.highlight",
      "",
      "! example: https://web.hypothes.is/blog/do-it-yourself-anchoring-and-the-evolution-of-the-hypothesis-toolkit/",
      "hypothesis-highlight",
      ".hypothesis-highlight",
      "",
      "! Icons",
      ".material-icons",
      "material-icon",
      "span[class^=material-symbols-]",
      ".google-symbols",
      "i.fa",
      "i[class^=fa-]",
      "",
      "! Other",
      "visuallyhidden",
    ],
    "lazyTranslate": true,
    "originalTextPopup": false,
    "toggleTranslationHotkey": null,
    "translatableAttributes": [
      "title",
      "alt",
      "placeholder",
      "label",
      "aria-label",
      "value",
    ],
  },
  "popup": {
    "rememberLastTab": true,
  },
  "popupTab": {
    "pageTranslator": {
      "showCounters": true,
    },
  },
  "scheduler": {
    "chunkSizeForInstantTranslate": null,
    "directTranslateLength": null,
    "isAllowDirectTranslateBadChunks": true,
    "translatePoolDelay": 300,
    "translateRetryAttemptLimit": 2,
    "useCache": true,
  },
  "selectTranslator": {
    "detectedLangFirst": true,
    "disableWhileTranslatePage": false,
    "enabled": true,
    "focusOnTranslateButton": false,
    "isUseAutoForDetectLang": true,
    "mode": "quickTranslate",
    "modifiers": [],
    "rememberDirection": false,
    "showOnceForSelection": true,
    "showOriginalText": true,
    "strictSelection": false,
    "timeoutForHideButton": 3000,
    "zIndex": 999999,
  },
  "textTranslator": {
    "rememberText": true,
    "spellCheck": true,
    "suggestLanguage": true,
    "suggestLanguageAlways": true,
  },
  "translatorModule": "MicrosoftTranslator",
  "ttsModule": "google",
}
`;

exports[`config migrations > race condition detection > Detection race conditions. Attempt #5 1`] = `
{
  "cache": {
    "ignoreCase": true,
  },
  "history": {
    "enabled": true,
  },
  "language": "en",
  "pageTranslator": {
    "detectLanguageByContent": true,
    "enableContextMenu": false,
    "excludeSelectors": [
      "! Basic tags",
      "meta",
      "link",
      "script",
      "noscript",
      "style",
      "code",
      "pre",
      "textarea",
      "time",
      "kbd",
      "svg",
      "g",
      "ruby",
      "rt",
      "rp",
      "math",
      "d-math",
      "samp",
      "",
      "! Elements that request to disable translation",
      ".notranslate",
      "[contenteditable="true"]",
      "[translate=no]",
      "",
      "! Social sharing buttons",
      ".social-share",
      ".share-nav",
      "[data-toolbar=share]",
      ".o-share",
      "",
      "! Code elements",
      ".prism-code",
      ".enlighter-code",
      ".rc-CodeBlock",
      "[role=code]",
      "table.highlight",
      "",
      "! example: https://web.hypothes.is/blog/do-it-yourself-anchoring-and-the-evolution-of-the-hypothesis-toolkit/",
      "hypothesis-highlight",
      ".hypothesis-highlight",
      "",
      "! Icons",
      ".material-icons",
      "material-icon",
      "span[class^=material-symbols-]",
      ".google-symbols",
      "i.fa",
      "i[class^=fa-]",
      "",
      "! Other",
      "visuallyhidden",
    ],
    "lazyTranslate": true,
    "originalTextPopup": false,
    "toggleTranslationHotkey": null,
    "translatableAttributes": [
      "title",
      "alt",
      "placeholder",
      "label",
      "aria-label",
      "value",
    ],
  },
  "popup": {
    "rememberLastTab": true,
  },
  "popupTab": {
    "pageTranslator": {
      "showCounters": true,
    },
  },
  "scheduler": {
    "chunkSizeForInstantTranslate": null,
    "directTranslateLength": null,
    "isAllowDirectTranslateBadChunks": true,
    "translatePoolDelay": 300,
    "translateRetryAttemptLimit": 2,
    "useCache": true,
  },
  "selectTranslator": {
    "detectedLangFirst": true,
    "disableWhileTranslatePage": false,
    "enabled": true,
    "focusOnTranslateButton": false,
    "isUseAutoForDetectLang": true,
    "mode": "quickTranslate",
    "modifiers": [],
    "rememberDirection": false,
    "showOnceForSelection": true,
    "showOriginalText": true,
    "strictSelection": false,
    "timeoutForHideButton": 3000,
    "zIndex": 999999,
  },
  "textTranslator": {
    "rememberText": true,
    "spellCheck": true,
    "suggestLanguage": true,
    "suggestLanguageAlways": true,
  },
  "translatorModule": "MicrosoftTranslator",
  "ttsModule": "google",
}
`;
